// Jest Snapshot v1, https://goo.gl/fbAQLP

exports[`error, show error message 1`] = `
<div
  className="well"
>
  Something's gone wrong.
</div>
`;

exports[`laoding, hides content 1`] = `
<div
  id="loader"
/>
`;

exports[`not loading, renders children 1`] = `
<div
  className="animate-bottom"
>
  <div>
    Test
  </div>
</div>
`;
